Amit@Amit MINGW64 /c/GitAssignment
$ touch Code.txt

Amit@Amit MINGW64 /c/GitAssignment
$ touch log.txt

Amit@Amit MINGW64 /c/GitAssignment
$ touch Output.txt

Amit@Amit MINGW64 /c/GitAssignment
$ git init
Initialized empty Git repository in C:/GitAssignment/.git/

Amit@Amit MINGW64 /c/GitAssignment (master)
$ git add Code.txt Output.txt

Amit@Amit MINGW64 /c/GitAssignment (master)
$ git commit -m "Committing Code and Output files"
[master (root-commit) 990c9f1] Committing Code and Output files
 2 files changed, 0 insertions(+), 0 deletions(-)
 create mode 100644 Code.txt
 create mode 100644 Output.txt

Amit@Amit MINGW64 /c/GitAssignment (master)
$ git status
On branch master
Untracked files:
  (use "git add <file>..." to include in what will be committed)
        log.txt

nothing added to commit but untracked files present (use "git add" to track)

Amit@Amit MINGW64 /c/GitAssignment (master)
